_main3
_foo1
_aaa2
_bbb2
_ccc2
_aaa3
_bbb3
_ccc3
_aaa4
_main4
_main2
