__Z3barPN12_GLOBAL__N_112myanonstructE
__ZN3wow12_GLOBAL__N_15innerEv
__ZN12_GLOBAL__N_13bazEPNS_12myanonstructE
__ZN12_GLOBAL__N_13fooEv
